// Jest Snapshot v1, https://goo.gl/fbAQLP

exports[`PageNotFound component renders PageNotFound by default 1`] = `
<section
  className="center-align"
>
  <h1
    className="page-not-found-title title-style"
  >
    Error: Page does not exist.
  </h1>
</section>
`;
